
> frontendv2-nextjs@0.1.0 build
> next build

Γû▓ Next.js 16.1.6 (Turbopack)
- Environments: .env.local

  Creating an optimized production build ...
Γ£ô Compiled successfully in 3.0s
  Running TypeScript ...
node.exe : Failed to compile.
At C:\Program Files\nodejs\npm.ps1:29 char:3
+   & $NODE_EXE $NPM_CLI_JS $args
+   ~~~~~~~~~~~~~~~~~~~~~~~~~~~~~
    + CategoryInfo          : NotSpecified: (Failed to compile.:Str 
   ing) [], RemoteException
    + FullyQualifiedErrorId : NativeCommandError
 

./src/pages-src/BeritaDetail.tsx:23:28
Type error: Property 'items' does not exist on type 'any[]'.

[0m [90m 21 |[39m         setLoading([36mtrue[39m)[33m;[39m
 [90m 22 |[39m         [36mconst[39m data [33m=[39m 
[36mawait[39m dataService[33m.[39mgetNews()[33m;[39m
[31m[1m>[22m[39m[90m 23 |[39m         [36mconst[39m items 
[33m=[39m data[33m.[39mitems [33m||[39m data [33m||[39m 
[][33m;[39m
 [90m    |[39m                            [31m[1m^[22m[39m
 [90m 24 |[39m         [36mconst[39m item [33m=[39m 
items[33m.[39mfind((n[33m:[39m any) [33m=>[39m 
n[33m.[39mslug [33m===[39m slug)[33m;[39m
 [90m 25 |[39m         setNewsItem(item)[33m;[39m
 [90m 26 |[39m         
setOtherNews(items[33m.[39mfilter((n[33m:[39m any) [33m=>[39m 
n[33m.[39mslug [33m!==[39m 
slug)[33m.[39mslice([35m0[39m[33m,[39m 
[35m3[39m))[33m;[39m[0m
Next.js build worker exited with code: 1 and signal: null
